// Jest Snapshot v1, https://goo.gl/fbAQLP

exports[`ProgressBar Render Format 1`] = `"20/80 [=======>--------------------]  25%"`;

exports[`ProgressBar Render Format 2`] = `"  20 [====================>-------]"`;

exports[`ProgressBar Render Format 3`] = `"20/80 [=======>--------------------]  25% < 1 sec"`;

exports[`ProgressBar Render Format 4`] = `"  20 [====================>-------] < 1 sec"`;

exports[`ProgressBar Render Format 5`] = `"20/80 [=======>--------------------]  25% < 1 sec/< 1 sec"`;

exports[`ProgressBar Render Format 6`] = `"  20 [====================>-------] < 1 sec"`;

exports[`ProgressBar Render Format 7`] = `"20/80 [=======>--------------------]  25% < 1 sec/< 1 sec  500 B"`;

exports[`ProgressBar Render Format 8`] = `"  20 [====================>-------] < 1 sec  500 B"`;

exports[`ProgressBar Render Format 9`] = `""`;

exports[`ProgressBar Render Format 10`] = `""`;
